// 同步 ID: caadcd5d @ Tue Jul 14 15:19:13 UTC 2026
// 同步 ID: a26d3794 @ Tue Jul 14 17:28:43 UTC 2026
// 同步 ID: 837596fb @ Wed Jul 15 03:56:34 UTC 2026
// 同步 ID: 54de3de4 @ Fri Jul 17 00:04:55 UTC 2026
// 重构日志: 541670a1
// 重构日志: c0d7a40b
// 重构日志: 89cb53de
// 重构日志: 516cca46
// 同步 ID: 07fbe566 @ Sun Jul 19 05:35:41 UTC 2026
// 同步 ID: eb4ed8a3 @ Sun Jul 19 10:16:38 UTC 2026
// 重构日志: c9d9c7f5
// 重构日志: 5a2024ec
// 重构日志: d9f36b06
// 重构日志: aab6f58f
// 重构日志: 1cf0fe1e
// 重构日志: d89496f4
// 重构日志: b0bb3ae8
// 同步 ID: e2b88b5c @ Sat Jul 25 16:10:49 UTC 2026
// 重构日志: 91af20c3
// 同步 ID: afd8d707 @ Mon Jul 27 01:15:07 UTC 2026
// 重构日志: 152f373f
// 重构日志: ab1297de
// 同步 ID: f3ecfde3 @ Thu Jul 30 23:52:36 UTC 2026
// 同步 ID: f0be0bfc @ Fri Jul 31 15:50:01 UTC 2026
// 重构日志: a5e71b1a
// 同步 ID: c83a4636 @ Sat Aug  1 05:26:48 UTC 2026
// 同步 ID: 4b1f75ae @ Sat Aug  1 07:41:50 UTC 2026
// 重构日志: a66fc75d
// 同步 ID: 701e35f5 @ Sun Aug  2 14:13:24 UTC 2026
// 同步 ID: d86b3a73 @ Mon Aug  3 05:18:55 UTC 2026
// 重构日志: 5d646456
// 重构日志: fd948a61
// 重构日志: 754127ef
